// Jest Snapshot v1, https://goo.gl/fbAQLP

exports[`the WordPressFeed matches the snapshot 1`] = `
<div
  className="wordpress-feed sc-bdVaJa ggoxkE"
>
  <h3
    className="wordpress-feed__header sc-bwzfXH iCXoeB"
  >
    Feed title
  </h3>
  <ul
    className="wordpress-feed__posts sc-htpNat czsPZk"
    role="list"
  >
    <li
      className="wordpress-feed__post sc-EHOje fruGfq"
    >
      <a
        className="wordpress-feed__post-link sc-bxivhb iPuika"
        href="https://www.yoast.com/1"
        rel="noopener noreferrer"
        target="_blank"
      >
        WordPress SEO
        <span
          className="sc-ifAKCX GTYdS"
        >
          ( Opens in a new browser tab )
        </span>
      </a>
      <p
        className="wordpress-feed__post-description"
      >
        Some arbitrary description any blog post could have
      </p>
    </li>
    <li
      className="wordpress-feed__post sc-EHOje fruGfq"
    >
      <a
        className="wordpress-feed__post-link sc-bxivhb iPuika"
        href="https://www.yoast.com/2"
        rel="noopener noreferrer"
        target="_blank"
      >
        WordPress SEO
        <span
          className="sc-ifAKCX GTYdS"
        >
          ( Opens in a new browser tab )
        </span>
      </a>
      <p
        className="wordpress-feed__post-description"
      >
        Some arbitrary description any blog post could have
      </p>
    </li>
  </ul>
</div>
`;
