// Jest Snapshot v1, https://goo.gl/fbAQLP

exports[`the Row component matches the snapshot 1`] = `
<li
  className="sc-bdVaJa gRzYbk"
/>
`;

exports[`the RowResponsiveWrap component matches the snapshot 1`] = `
<li
  className="sc-bwzfXH hEqAjG sc-bdVaJa gRzYbk"
/>
`;
