// Jest Snapshot v1, https://goo.gl/fbAQLP

exports[`the YouTubeVideo component matches the snapshot 1`] = `
<iframe
  allowFullScreen={true}
  className="sc-bdVaJa bDWFJH"
  frameBorder={0}
  height={315}
  src="https:/www.youtube.com/embed/bIgcj_pPIbw"
  title="Video title"
  width={560}
/>
`;
