// Jest Snapshot v1, https://goo.gl/fbAQLP

exports[`the pressed IconButtonToggle matches the snapshot 1`] = `
<button
  aria-label="important toggle"
  aria-pressed={true}
  className="sc-bdVaJa dlGzMO"
  id="RadioButton2"
  onClick={[Function]}
>
  <svg
    aria-hidden="true"
    className="sc-htpNat JvWAC"
    focusable="false"
    role="img"
  />
</button>
`;

exports[`the unpressed IconButtonToggle matches the snapshot 1`] = `
<button
  aria-label="important toggle"
  aria-pressed={false}
  className="sc-bdVaJa bJfyjY"
  id="RadioButton"
  onClick={[Function]}
>
  <svg
    aria-hidden="true"
    className="sc-bwzfXH ebHRBw"
    focusable="false"
    role="img"
  />
</button>
`;
